00:00 +0: loading /Users/sagars/CivicLens/test/widget_test.dart
00:00 +0: CivicLens App boots to Login Screen smoke test
══╡ EXCEPTION CAUGHT BY WIDGETS LIBRARY ╞═══════════════════════════════════════════════════════════
The following FirebaseException was thrown building LoginScreen(dirty, dependencies:
[_InheritedProviderScope<AuthProvider?>], state: _LoginScreenState#98d43):
[core/no-app] No Firebase App '[DEFAULT]' has been created - call Firebase.initializeApp()

The relevant error-causing widget was:
  LoginScreen LoginScreen:file:///Users/sagars/CivicLens/lib/main.dart:57:19

When the exception was thrown, this was the stack:
#0      MethodChannelFirebase.app (package:firebase_core_platform_interface/src/method_channel/method_channel_firebase.dart:190:5)
#1      Firebase.app (package:firebase_core/src/firebase.dart:79:41)
#2      FirebaseAuth.instance (package:firebase_auth/src/firebase_auth.dart:38:47)
#3      new AuthService (package:civiclens/features/auth/services/auth_service.dart:16:43)
#4      new AuthProvider (package:civiclens/features/auth/state/auth_provider.dart:22:36)
#5      main.<anonymous closure>.<anonymous closure> (file:///Users/sagars/CivicLens/test/widget_test.dart:13:49)
#6      _CreateInheritedProviderState.value (package:provider/src/inherited_provider.dart:749:36)
#7      _InheritedProviderScopeElement.value (package:provider/src/inherited_provider.dart:603:33)
#8      Provider.of (package:provider/src/provider.dart:337:37)
#9      _LoginScreenState.build (package:civiclens/features/auth/screens/login_screen.dart:141:35)
#10     StatefulElement.build (package:flutter/src/widgets/framework.dart:5931:27)
#11     ComponentElement.performRebuild (package:flutter/src/widgets/framework.dart:5817:15)
#12     StatefulElement.performRebuild (package:flutter/src/widgets/framework.dart:5982:11)
#13     Element.rebuild (package:flutter/src/widgets/framework.dart:5529:7)
#14     ComponentElement._firstBuild (package:flutter/src/widgets/framework.dart:5799:5)
#15     StatefulElement._firstBuild (package:flutter/src/widgets/framework.dart:5973:11)
#16     ComponentElement.mount (package:flutter/src/widgets/framework.dart:5793:5)
...     Normal element mounting (260 frames)
#276    Element.inflateWidget (package:flutter/src/widgets/framework.dart:4587:20)
#277    MultiChildRenderObjectElement.inflateWidget (package:flutter/src/widgets/framework.dart:7264:36)
#278    MultiChildRenderObjectElement.mount (package:flutter/src/widgets/framework.dart:7279:32)
...     Normal element mounting (462 frames)
#740    _InheritedProviderScopeElement.mount (package:provider/src/inherited_provider.dart:424:11)
...     Normal element mounting (7 frames)
#747    SingleChildWidgetElementMixin.mount (package:nested/nested.dart:222:11)
...     Normal element mounting (7 frames)
#754    _NestedHookElement.mount (package:nested/nested.dart:187:11)
...     Normal element mounting (7 frames)
#761    SingleChildWidgetElementMixin.mount (package:nested/nested.dart:222:11)
#762    Element.inflateWidget (package:flutter/src/widgets/framework.dart:4587:20)
#763    Element.updateChild (package:flutter/src/widgets/framework.dart:4053:20)
#764    ComponentElement.performRebuild (package:flutter/src/widgets/framework.dart:5841:16)
#765    Element.rebuild (package:flutter/src/widgets/framework.dart:5529:7)
#766    ProxyElement.update (package:flutter/src/widgets/framework.dart:6149:5)
#767    _InheritedNotifierElement.update (package:flutter/src/widgets/inherited_notifier.dart:108:11)
#768    Element.updateChild (package:flutter/src/widgets/framework.dart:4037:15)
#769    ComponentElement.performRebuild (package:flutter/src/widgets/framework.dart:5841:16)
#770    StatefulElement.performRebuild (package:flutter/src/widgets/framework.dart:5982:11)
#771    Element.rebuild (package:flutter/src/widgets/framework.dart:5529:7)
#772    StatefulElement.update (package:flutter/src/widgets/framework.dart:6007:5)
#773    Element.updateChild (package:flutter/src/widgets/framework.dart:4037:15)
#774    ComponentElement.performRebuild (package:flutter/src/widgets/framework.dart:5841:16)
#775    Element.rebuild (package:flutter/src/widgets/framework.dart:5529:7)
#776    ProxyElement.update (package:flutter/src/widgets/framework.dart:6149:5)
#777    _InheritedNotifierElement.update (package:flutter/src/widgets/inherited_notifier.dart:108:11)
#778    Element.updateChild (package:flutter/src/widgets/framework.dart:4037:15)
#779    ComponentElement.performRebuild (package:flutter/src/widgets/framework.dart:5841:16)
#780    StatefulElement.performRebuild (package:flutter/src/widgets/framework.dart:5982:11)
#781    Element.rebuild (package:flutter/src/widgets/framework.dart:5529:7)
#782    StatefulElement.update (package:flutter/src/widgets/framework.dart:6007:5)
#783    Element.updateChild (package:flutter/src/widgets/framework.dart:4037:15)
#784    ComponentElement.performRebuild (package:flutter/src/widgets/framework.dart:5841:16)
#785    StatefulElement.performRebuild (package:flutter/src/widgets/framework.dart:5982:11)
#786    Element.rebuild (package:flutter/src/widgets/framework.dart:5529:7)
#787    StatefulElement.update (package:flutter/src/widgets/framework.dart:6007:5)
#788    Element.updateChild (package:flutter/src/widgets/framework.dart:4037:15)
#789    ComponentElement.performRebuild (package:flutter/src/widgets/framework.dart:5841:16)
#790    Element.rebuild (package:flutter/src/widgets/framework.dart:5529:7)
#791    ProxyElement.update (package:flutter/src/widgets/framework.dart:6149:5)
#792    Element.updateChild (package:flutter/src/widgets/framework.dart:4037:15)
#793    ComponentElement.performRebuild (package:flutter/src/widgets/framework.dart:5841:16)
#794    StatefulElement.performRebuild (package:flutter/src/widgets/framework.dart:5982:11)
#795    Element.rebuild (package:flutter/src/widgets/framework.dart:5529:7)
#796    StatefulElement.update (package:flutter/src/widgets/framework.dart:6007:5)
#797    Element.updateChild (package:flutter/src/widgets/framework.dart:4037:15)
#798    ComponentElement.performRebuild (package:flutter/src/widgets/framework.dart:5841:16)
#799    Element.rebuild (package:flutter/src/widgets/framework.dart:5529:7)
#800    ProxyElement.update (package:flutter/src/widgets/framework.dart:6149:5)
#801    Element.updateChild (package:flutter/src/widgets/framework.dart:4037:15)
#802    ComponentElement.performRebuild (package:flutter/src/widgets/framework.dart:5841:16)
#803    Element.rebuild (package:flutter/src/widgets/framework.dart:5529:7)
#804    ProxyElement.update (package:flutter/src/widgets/framework.dart:6149:5)
#805    Element.updateChild (package:flutter/src/widgets/framework.dart:4037:15)
#806    _RawViewElement._updateChild (package:flutter/src/widgets/view.dart:481:16)
#807    _RawViewElement.update (package:flutter/src/widgets/view.dart:568:5)
#808    Element.updateChild (package:flutter/src/widgets/framework.dart:4037:15)
#809    ComponentElement.performRebuild (package:flutter/src/widgets/framework.dart:5841:16)
#810    Element.rebuild (package:flutter/src/widgets/framework.dart:5529:7)
#811    StatelessElement.update (package:flutter/src/widgets/framework.dart:5895:5)
#812    Element.updateChild (package:flutter/src/widgets/framework.dart:4037:15)
#813    ComponentElement.performRebuild (package:flutter/src/widgets/framework.dart:5841:16)
#814    StatefulElement.performRebuild (package:flutter/src/widgets/framework.dart:5982:11)
#815    Element.rebuild (package:flutter/src/widgets/framework.dart:5529:7)
#816    StatefulElement.update (package:flutter/src/widgets/framework.dart:6007:5)
#817    Element.updateChild (package:flutter/src/widgets/framework.dart:4037:15)
#818    RootElement._rebuild (package:flutter/src/widgets/binding.dart:1822:16)
#819    RootElement.update (package:flutter/src/widgets/binding.dart:1800:5)
#820    RootElement.performRebuild (package:flutter/src/widgets/binding.dart:1814:7)
#821    Element.rebuild (package:flutter/src/widgets/framework.dart:5529:7)
#822    BuildScope._tryRebuild (package:flutter/src/widgets/framework.dart:2750:15)
#823    BuildScope._flushDirtyElements (package:flutter/src/widgets/framework.dart:2807:11)
#824    BuildOwner.buildScope (package:flutter/src/widgets/framework.dart:3111:18)
#825    AutomatedTestWidgetsFlutterBinding.drawFrame (package:flutter_test/src/binding.dart:2131:19)
#826    RendererBinding._handlePersistentFrameCallback (package:flutter/src/rendering/binding.dart:495:5)
#827    SchedulerBinding._invokeFrameCallback (package:flutter/src/scheduler/binding.dart:1430:15)
#828    SchedulerBinding.handleDrawFrame (package:flutter/src/scheduler/binding.dart:1345:9)
#829    AutomatedTestWidgetsFlutterBinding.pump.<anonymous closure> (package:flutter_test/src/binding.dart:1960:9)
#832    TestAsyncUtils.guard (package:flutter_test/src/test_async_utils.dart:74:41)
#833    AutomatedTestWidgetsFlutterBinding.pump (package:flutter_test/src/binding.dart:1949:27)
#834    WidgetTester.pumpWidget.<anonymous closure> (package:flutter_test/src/widget_tester.dart:598:22)
#837    TestAsyncUtils.guard (package:flutter_test/src/test_async_utils.dart:74:41)
#838    WidgetTester.pumpWidget (package:flutter_test/src/widget_tester.dart:595:27)
#839    main.<anonymous closure> (file:///Users/sagars/CivicLens/test/widget_test.dart:10:18)
#840    testWidgets.<anonymous closure>.<anonymous closure> (package:flutter_test/src/widget_tester.dart:192:29)
<asynchronous suspension>
#841    TestWidgetsFlutterBinding._runTestBody (package:flutter_test/src/binding.dart:1682:5)
<asynchronous suspension>
<asynchronous suspension>
(elided 5 frames from dart:async and package:stack_trace)

════════════════════════════════════════════════════════════════════════════════════════════════════
00:00 +0 -1: CivicLens App boots to Login Screen smoke test [E]
  Test failed. See exception logs above.
  The test description was: CivicLens App boots to Login Screen smoke test
  
00:00 +0 -1: Some tests failed.
